// Jest Snapshot v1, https://goo.gl/fbAQLP

exports[`slice timeTable after 'mockTimeTable' action, state 'selectEnhancedTimeTable' should return data 1`] = `
Object {
  "route": Object {
    "direction": "Paris",
    "directionsAliases": Array [
      "Paris",
      "Châtelet–Les Halles",
    ],
    "station": Object {
      "code": "SGL",
      "name": "Saint-Germain-en-Laye",
    },
    "trains": Array [
      Object {
        "departureTime": "2020-03-10T09:24:00+01:00",
        "platform": "2",
        "trainCode": "0924",
      },
      Object {
        "departureTime": "2020-03-10T09:32:00+01:00",
        "platform": "4",
        "trainCode": "0932",
      },
      Object {
        "departureTime": "2020-03-10T09:43:00+01:00",
        "platform": "2",
        "trainCode": "0943",
      },
      Object {
        "departureTime": "2020-03-10T09:55:00+01:00",
        "platform": "4",
        "trainCode": "0955",
      },
      Object {
        "departureTime": "2020-03-10T10:05:00+01:00",
        "platform": "4",
        "trainCode": "1005",
      },
      Object {
        "departureTime": "2020-03-10T10:21:00+01:00",
        "platform": "2",
        "trainCode": "1021",
      },
      Object {
        "departureTime": "2020-03-11T12:12:00+01:00",
        "platform": "2",
        "trainCode": "1212",
      },
    ],
  },
  "trains": Array [
    Object {
      "delayDuration": "-PT214H42M26.937S",
      "delayStatus": "late",
      "departureDuration": "-PT214H30M21.937S",
      "departureTime": "2020-03-10T08:24:00.000Z",
      "index": 0,
      "targetDuration": "-PT214H30M21.937S",
      "trainCode": "0924",
    },
    Object {
      "delayDuration": "-PT214H34M26.937S",
      "delayStatus": "late",
      "departureDuration": "-PT214H22M21.937S",
      "departureTime": "2020-03-10T08:32:00.000Z",
      "index": 1,
      "targetDuration": "-PT214H22M21.937S",
      "trainCode": "0932",
    },
    Object {
      "delayDuration": "-PT214H23M26.937S",
      "delayStatus": "late",
      "departureDuration": "-PT214H11M21.937S",
      "departureTime": "2020-03-10T08:43:00.000Z",
      "index": 2,
      "targetDuration": "-PT214H11M21.937S",
      "trainCode": "0943",
    },
    Object {
      "delayDuration": "-PT214H11M26.937S",
      "delayStatus": "late",
      "departureDuration": "-PT213H59M21.937S",
      "departureTime": "2020-03-10T08:55:00.000Z",
      "index": 3,
      "targetDuration": "-PT213H59M21.937S",
      "trainCode": "0955",
    },
    Object {
      "delayDuration": "-PT214H1M26.937S",
      "delayStatus": "late",
      "departureDuration": "-PT213H49M21.937S",
      "departureTime": "2020-03-10T09:05:00.000Z",
      "index": 4,
      "targetDuration": "-PT213H49M21.937S",
      "trainCode": "1005",
    },
    Object {
      "delayDuration": "-PT213H45M26.937S",
      "delayStatus": "late",
      "departureDuration": "-PT213H33M21.937S",
      "departureTime": "2020-03-10T09:21:00.000Z",
      "index": 5,
      "targetDuration": "-PT213H33M21.937S",
      "trainCode": "1021",
    },
    Object {
      "delayDuration": "-PT187H54M26.937S",
      "delayStatus": "late",
      "departureDuration": "-PT187H42M21.937S",
      "departureTime": "2020-03-11T11:12:00.000Z",
      "index": 6,
      "targetDuration": "-PT187H42M21.937S",
      "trainCode": "1212",
    },
  ],
}
`;
