// Jest Snapshot v1, https://goo.gl/fbAQLP

exports[`slice timeTable after 'mockTimeTable' action, state 'selectEnhancedTimeTable' should return data 1`] = `
Object {
  "route": Object {
    "direction": "Paris",
    "directionsAliases": Array [
      "Paris",
      "Châtelet–Les Halles",
    ],
    "station": Object {
      "code": "SGL",
      "name": "Saint-Germain-en-Laye",
    },
    "trains": Array [
      Object {
        "departureTime": "2020-03-10T09:24:00+01:00",
        "platform": "2",
        "trainCode": "0924",
      },
      Object {
        "departureTime": "2020-03-10T09:32:00+01:00",
        "platform": "4",
        "trainCode": "0932",
      },
      Object {
        "departureTime": "2020-03-10T09:43:00+01:00",
        "platform": "2",
        "trainCode": "0943",
      },
      Object {
        "departureTime": "2020-03-10T09:55:00+01:00",
        "platform": "4",
        "trainCode": "0955",
      },
      Object {
        "departureTime": "2020-03-10T10:05:00+01:00",
        "platform": "4",
        "trainCode": "1005",
      },
      Object {
        "departureTime": "2020-03-10T10:21:00+01:00",
        "platform": "2",
        "trainCode": "1021",
      },
      Object {
        "departureTime": "2020-03-11T12:12:00+01:00",
        "platform": "2",
        "trainCode": "1212",
      },
    ],
  },
  "trains": Array [
    Object {
      "delayDuration": "-PT215H29M29.621S",
      "delayStatus": "late",
      "departureDuration": "-PT215H17M24.621S",
      "departureTime": "2020-03-10T08:24:00.000Z",
      "index": 0,
      "targetDuration": "-PT215H17M24.621S",
      "trainCode": "0924",
    },
    Object {
      "delayDuration": "-PT215H21M29.621S",
      "delayStatus": "late",
      "departureDuration": "-PT215H9M24.621S",
      "departureTime": "2020-03-10T08:32:00.000Z",
      "index": 1,
      "targetDuration": "-PT215H9M24.621S",
      "trainCode": "0932",
    },
    Object {
      "delayDuration": "-PT215H10M29.621S",
      "delayStatus": "late",
      "departureDuration": "-PT214H58M24.621S",
      "departureTime": "2020-03-10T08:43:00.000Z",
      "index": 2,
      "targetDuration": "-PT214H58M24.621S",
      "trainCode": "0943",
    },
    Object {
      "delayDuration": "-PT214H58M29.621S",
      "delayStatus": "late",
      "departureDuration": "-PT214H46M24.621S",
      "departureTime": "2020-03-10T08:55:00.000Z",
      "index": 3,
      "targetDuration": "-PT214H46M24.621S",
      "trainCode": "0955",
    },
    Object {
      "delayDuration": "-PT214H48M29.621S",
      "delayStatus": "late",
      "departureDuration": "-PT214H36M24.621S",
      "departureTime": "2020-03-10T09:05:00.000Z",
      "index": 4,
      "targetDuration": "-PT214H36M24.621S",
      "trainCode": "1005",
    },
    Object {
      "delayDuration": "-PT214H32M29.621S",
      "delayStatus": "late",
      "departureDuration": "-PT214H20M24.621S",
      "departureTime": "2020-03-10T09:21:00.000Z",
      "index": 5,
      "targetDuration": "-PT214H20M24.621S",
      "trainCode": "1021",
    },
    Object {
      "delayDuration": "-PT188H41M29.621S",
      "delayStatus": "late",
      "departureDuration": "-PT188H29M24.621S",
      "departureTime": "2020-03-11T11:12:00.000Z",
      "index": 6,
      "targetDuration": "-PT188H29M24.621S",
      "trainCode": "1212",
    },
  ],
}
`;
