// Jest Snapshot v1, https://goo.gl/fbAQLP

exports[`slice timeTable after initialization 'selectEnhancedTimeTable' should MatchSnapshot 1`] = `
Object {
  "currentDeparture": Object {
    "code": "0824",
    "index": 0,
  },
  "enhancedDepartures": Array [
    Object {
      "delayDuration": "-PT2S",
      "delayStatus": "on-time",
      "departure": Object {
        "departureTime": "2020-03-10T08:24:00.000Z",
        "displayAttributes": "08:24",
        "displayDestination": "Cergy-Le-Haut",
        "trainCode": "0824",
      },
      "departureDuration": "PT10M30S",
      "departureIndex": 0,
      "departureTime": "2020-03-10T08:24:00.000Z",
      "onTimeMarginDelaySeconds": 22,
      "trainCode": "0824",
    },
    Object {
      "delayDuration": "PT4M58S",
      "delayStatus": "early",
      "departure": Object {
        "departureTime": "2020-03-10T08:29:00.000Z",
        "displayAttributes": "08:29",
        "displayDestination": "Cergy-Le-Haut",
        "trainCode": "0829",
      },
      "departureDuration": "PT15M30S",
      "departureIndex": 1,
      "departureTime": "2020-03-10T08:29:00.000Z",
      "onTimeMarginDelaySeconds": 22,
      "trainCode": "0829",
    },
  ],
  "travel": Object {
    "accessDuration": "PT1M17S",
    "nowTime": "2020-03-10T08:13:30.000Z",
    "travelDuration": "PT9M15S",
  },
}
`;
